C51 COMPILER V8.16   LAB1                                                                  10/07/2016 20:39:26 PAGE 1   


C51 COMPILER V8.16, COMPILATION OF MODULE LAB1
OBJECT MODULE PLACED IN lab1.OBJ
COMPILER INVOKED BY: R:\apps-win\Keil\C51\BIN\C51.exe lab1.c OPTIMIZE(3,SPEED) BROWSE DEBUG OBJECTEXTEND

line level    source

   1          char from = 'a';
   2          char to = 'A';
   3          
   4          // source char array in the ROM.
   5          char code source[] = { "This programmator" }; 
   6          
   7          // pointer in DATA to 0x000000 in XDATA.
   8          char xdata *target;
   9          
  10          int main() {
  11   1          unsigned char i;
  12   1          for( i = 0; source[i] != 0; i++ ) { 
  13   2                      
  14   2              if( source[i] == from )
  15   2                      target[i] = to;
  16   2                      else
  17   2                              target[i] = source[i];
  18   2                              
  19   2          }
  20   1      
  21   1          while(1);   // halt
  22   1      }


MODULE INFORMATION:   STATIC OVERLAYABLE
   CODE SIZE        =     60    ----
   CONSTANT SIZE    =     18    ----
   XDATA SIZE       =   ----    ----
   PDATA SIZE       =   ----    ----
   DATA SIZE        =      4       1
   IDATA SIZE       =   ----    ----
   BIT SIZE         =   ----    ----
END OF MODULE INFORMATION.


C51 COMPILATION COMPLETE.  0 WARNING(S),  0 ERROR(S)
